
> only-remote@0.1.0 build
> next build

node.exe : [baseline-
browser-mapping] The 
data in this module 
is over two months 
old.  To ensure 
accurate Baseline 
data, please update: 
`npm i baseline-brows
er-mapping@latest -D`
At line:1 char:1
+ & "C:\Program Files
\nodejs/node.exe" 
"C:\Program 
Files\nodejs/node_mo 
...
+ ~~~~~~~~~~~~~~~~~~~
~~~~~~~~~~~~~~~~~~~~~
~~~~~~~~~~~~~~~~~~~~~
~~~~~~~~
    + CategoryInfo   
           : NotSpe  
  cified: ([baseli   
 ne-brows...ping@    
latest -D`:Strin    
g) [], RemoteExc    
eption
    + FullyQualified 
   ErrorId : Native  
  CommandError
 
 ΓÜá `eslint` 
configuration in 
next.config.js is no 
longer supported. 
See more info here: h
ttps://nextjs.org/doc
s/app/api-reference/c
li/next#next-lint-opt
ions
 ΓÜá Invalid 
next.config.js 
options detected: 
 ΓÜá     
Unrecognized key(s) 
in object: 'eslint'
 ΓÜá See more info 
here: https://nextjs.
org/docs/messages/inv
alid-next-config
   Γû▓ Next.js 16.0.5 (Turbopack)
   - Environments: .env.local

 ΓÜá The 
"middleware" file 
convention is 
deprecated. Please 
use "proxy" instead. 
Learn more: https://n
extjs.org/docs/messag
es/middleware-to-prox
y
   Creating an optimized production build ...
[baseline-browser-map
ping] The data in 
this module is over 
two months old.  To 
ensure accurate 
Baseline data, 
please update: `npm 
i baseline-browser-ma
pping@latest -D`

> Build error 
occurred
Error: Turbopack 
build failed with 1 
errors:
./src/app/jobs/job-ca
rd.tsx:1:10
Ecmascript file had 
an error
[0m[31m[1m>[22m[
39m[90m 1 |[39m 
[36mimport[39m { 
useState } 
[36mfrom[39m 
[32m'react'[39m
 [90m   |[39m      
    [31m[1m^[22m[
39m[31m[1m^[22m[3
9m[31m[1m^[22m[39
m[31m[1m^[22m[39m
[31m[1m^[22m[39m
[31m[1m^[22m[39m[
31m[1m^[22m[39m[3
1m[1m^[22m[39m
 [90m 2 |[39m 
[36mimport[39m { 
[33mJob[39m } 
[36mfrom[39m [32m'
@/lib/jobs/types'[39
m
 [90m 3 |[39m 
[36mimport[39m { 
[33mBookmark[39m } 
[36mfrom[39m [32m'
lucide-react'[39m
 [90m 4 |[39m 
[36mimport[39m { 
toggleSavedJob } 
[36mfrom[39m [32m'
./actions'[39m[0m

You're importing a 
component that needs 
`useState`. This 
React Hook only 
works in a Client 
Component. To fix, 
mark the file (or 
its parent) with the 
`"use client"` 
directive.

 Learn more: https://
nextjs.org/docs/app/a
pi-reference/directiv
es/use-client



Import trace:
  Server Component:
    ./src/app/jobs/jo
b-card.tsx
    ./src/app/dashboa
rd/saved-jobs/page.ts
x


    at <unknown> (./s
rc/app/jobs/job-card.
tsx:1:10)
